=== 2026-07-23 08:20:01 ===
User: pglab
System: Linux
Curr Directory : /home/pglab/automation-lab
Disk Usage:
Filesystem      Size  Used Avail Use% Mounted on
tmpfs           1.6G  2.4M  1.6G   1% /run
/dev/nvme0n1p6   39G   13G   24G  36% /
tmpfs           7.7G     0  7.7G   0% /dev/shm
tmpfs           5.0M  4.0K  5.0M   1% /run/lock
/dev/nvme0n1p1   96M   77M   20M  80% /boot/efi
tmpfs           1.6G  116K  1.6G   1% /run/user/1000
Memory usage
               total        used        free      shared  buff/cache   available
Mem:            15Gi       1.0Gi        12Gi       226Mi       1.7Gi        13Gi
Swap:          2.0Gi          0B       2.0Gi
=== 2026-07-23 08:25:01 ===
User: pglab
System: Linux
Curr Directory : /home/pglab/automation-lab
Disk Usage:
Filesystem      Size  Used Avail Use% Mounted on
tmpfs           1.6G  2.4M  1.6G   1% /run
/dev/nvme0n1p6   39G   13G   24G  36% /
tmpfs           7.7G     0  7.7G   0% /dev/shm
tmpfs           5.0M  4.0K  5.0M   1% /run/lock
/dev/nvme0n1p1   96M   77M   20M  80% /boot/efi
tmpfs           1.6G  116K  1.6G   1% /run/user/1000
Memory usage
               total        used        free      shared  buff/cache   available
Mem:            15Gi       1.0Gi        12Gi       239Mi       1.7Gi        13Gi
Swap:          2.0Gi          0B       2.0Gi
